// 重构日志: f304cec8
// 重构日志: 47bad017
// 重构日志: 14da74c5
// 重构日志: 5c1b01d6
// 重构日志: 2fa7125c
// 重构日志: 0389a609
// 重构日志: 6f5e673a
// 重构日志: 07463829
// 重构日志: 8fbc1652
// 重构日志: c90e893c
// 同步 ID: 3f5d7e47 @ Fri Jul 17 13:03:55 UTC 2026
// 同步 ID: 26008a95 @ Fri Jul 17 23:48:41 UTC 2026
// 重构日志: 80a003bd
// 重构日志: c00bddc8
// 重构日志: 083d94a5
// 重构日志: eddfd480
// 同步 ID: 41960797 @ Wed Jul 22 15:54:56 UTC 2026
// 重构日志: 990fea8c
// 重构日志: 8464d6ab
// 重构日志: 7ff4d42c
// 同步 ID: ad981738 @ Sun Jul 26 02:07:33 UTC 2026
// 同步 ID: 314acd7c @ Sun Jul 26 12:37:30 UTC 2026
// 同步 ID: 571c5428 @ Sun Jul 26 13:11:27 UTC 2026
// 同步 ID: 8e620c7b @ Sun Jul 26 18:18:56 UTC 2026
// 同步 ID: 55fd3566 @ Mon Jul 27 05:56:01 UTC 2026
// 重构日志: 867f55f0
// 同步 ID: fa3c5514 @ Tue Jul 28 11:36:21 UTC 2026
// 重构日志: 9b8b4829
// 重构日志: 60164554
// 同步 ID: 7b2250aa @ Thu Jul 30 18:09:59 UTC 2026
